Archive member included to satisfy reference by file (symbol)

/usr/lib/gcc/avr/7.3.0/avr5/libgcc.a(_exit.o)
                              /usr/lib/gcc/avr/7.3.0/../../../avr/lib/avr5/crtatmega328.o (exit)
/usr/lib/gcc/avr/7.3.0/avr5/libgcc.a(_copy_data.o)
                              main.o (__do_copy_data)
/usr/lib/gcc/avr/7.3.0/avr5/libgcc.a(_clear_bss.o)
                              main.o (__do_clear_bss)
/usr/lib/gcc/avr/7.3.0/../../../avr/lib/avr5/libc.a(atoi.o)
                              parse.o (atoi)
/usr/lib/gcc/avr/7.3.0/../../../avr/lib/avr5/libc.a(isxdigit.o)
                              parse.o (isxdigit)
/usr/lib/gcc/avr/7.3.0/../../../avr/lib/avr5/libc.a(toupper.o)
                              main.o (toupper)
/usr/lib/gcc/avr/7.3.0/../../../avr/lib/avr5/libc.a(strtok.o)
                              parse.o (strtok)
/usr/lib/gcc/avr/7.3.0/../../../avr/lib/avr5/libc.a(strncasecmp.o)
                              parse.o (strncasecmp)
/usr/lib/gcc/avr/7.3.0/../../../avr/lib/avr5/libc.a(strtok_r.o)
                              /usr/lib/gcc/avr/7.3.0/../../../avr/lib/avr5/libc.a(strtok.o) (strtok_r)
/usr/lib/gcc/avr/7.3.0/../../../avr/lib/avr5/libc.a(mul10.o)
                              /usr/lib/gcc/avr/7.3.0/../../../avr/lib/avr5/libc.a(atoi.o) (__mulhi_const_10)
/usr/lib/gcc/avr/7.3.0/../../../avr/lib/avr5/libc.a(fputc.o)
                              main.o (fputc)
/usr/lib/gcc/avr/7.3.0/../../../avr/lib/avr5/libc.a(iob.o)
                              main.o (__iob)
/usr/lib/gcc/avr/7.3.0/../../../avr/lib/avr5/libc.a(puts_p.o)
                              main.o (puts_P)
/usr/lib/gcc/avr/7.3.0/../../../avr/lib/avr5/libc.a(cty_isfalse.o)
                              /usr/lib/gcc/avr/7.3.0/../../../avr/lib/avr5/libc.a(isxdigit.o) (__ctype_isfalse)

Allocating common symbols
Common symbol       size              file

iv                  0x4               main.o
adc                 0x2               main.o
v                   0x1               main.o
__iob               0x6               /usr/lib/gcc/avr/7.3.0/../../../avr/lib/avr5/libc.a(iob.o)

Memory Configuration

Name             Origin             Length             Attributes
text             0x0000000000000000 0x0000000000008000 xr
data             0x0000000000800100 0x0000000000000800 rw !x
eeprom           0x0000000000810000 0x0000000000000400 rw !x
fuse             0x0000000000820000 0x0000000000000003 rw !x
lock             0x0000000000830000 0x0000000000000400 rw !x
signature        0x0000000000840000 0x0000000000000400 rw !x
user_signatures  0x0000000000850000 0x0000000000000400 rw !x
*default*        0x0000000000000000 0xffffffffffffffff

Linker script and memory map

Address of section .data set to 0x800100
LOAD /usr/lib/gcc/avr/7.3.0/../../../avr/lib/avr5/crtatmega328.o
LOAD main.o
LOAD uart.o
LOAD parse.o
LOAD timer.o
START GROUP
LOAD /usr/lib/gcc/avr/7.3.0/avr5/libgcc.a
LOAD /usr/lib/gcc/avr/7.3.0/../../../avr/lib/avr5/libm.a
LOAD /usr/lib/gcc/avr/7.3.0/../../../avr/lib/avr5/libc.a
LOAD /usr/lib/gcc/avr/7.3.0/../../../avr/lib/avr5/libatmega328.a
END GROUP
                0x0000000000000000                __TEXT_REGION_ORIGIN__ = DEFINED (__TEXT_REGION_ORIGIN__)?__TEXT_REGION_ORIGIN__:0x0
                [0x0000000000800100]                __DATA_REGION_ORIGIN__ = DEFINED (__DATA_REGION_ORIGIN__)?__DATA_REGION_ORIGIN__:0x800060
                [0x0000000000008000]                __TEXT_REGION_LENGTH__ = DEFINED (__TEXT_REGION_LENGTH__)?__TEXT_REGION_LENGTH__:0x20000
                [0x0000000000000800]                __DATA_REGION_LENGTH__ = DEFINED (__DATA_REGION_LENGTH__)?__DATA_REGION_LENGTH__:0xffa0
                [0x0000000000000400]                __EEPROM_REGION_LENGTH__ = DEFINED (__EEPROM_REGION_LENGTH__)?__EEPROM_REGION_LENGTH__:0x10000
                [0x0000000000000003]                __FUSE_REGION_LENGTH__ = DEFINED (__FUSE_REGION_LENGTH__)?__FUSE_REGION_LENGTH__:0x400
                0x0000000000000400                __LOCK_REGION_LENGTH__ = DEFINED (__LOCK_REGION_LENGTH__)?__LOCK_REGION_LENGTH__:0x400
                0x0000000000000400                __SIGNATURE_REGION_LENGTH__ = DEFINED (__SIGNATURE_REGION_LENGTH__)?__SIGNATURE_REGION_LENGTH__:0x400
                0x0000000000000400                __USER_SIGNATURE_REGION_LENGTH__ = DEFINED (__USER_SIGNATURE_REGION_LENGTH__)?__USER_SIGNATURE_REGION_LENGTH__:0x400

.hash
 *(.hash)

.dynsym
 *(.dynsym)

.dynstr
 *(.dynstr)

.gnu.version
 *(.gnu.version)

.gnu.version_d
 *(.gnu.version_d)

.gnu.version_r
 *(.gnu.version_r)

.rel.init
 *(.rel.init)

.rela.init
 *(.rela.init)

.rel.text
 *(.rel.text)
 *(.rel.text.*)
 *(.rel.gnu.linkonce.t*)

.rela.text
 *(.rela.text)
 *(.rela.text.*)
 *(.rela.gnu.linkonce.t*)

.rel.fini
 *(.rel.fini)

.rela.fini
 *(.rela.fini)

.rel.rodata
 *(.rel.rodata)
 *(.rel.rodata.*)
 *(.rel.gnu.linkonce.r*)

.rela.rodata
 *(.rela.rodata)
 *(.rela.rodata.*)
 *(.rela.gnu.linkonce.r*)

.rel.data
 *(.rel.data)
 *(.rel.data.*)
 *(.rel.gnu.linkonce.d*)

.rela.data
 *(.rela.data)
 *(.rela.data.*)
 *(.rela.gnu.linkonce.d*)

.rel.ctors
 *(.rel.ctors)

.rela.ctors
 *(.rela.ctors)

.rel.dtors
 *(.rel.dtors)

.rela.dtors
 *(.rela.dtors)

.rel.got
 *(.rel.got)

.rela.got
 *(.rela.got)

.rel.bss
 *(.rel.bss)

.rela.bss
 *(.rela.bss)

.rel.plt
 *(.rel.plt)

.rela.plt
 *(.rela.plt)

.text           0x0000000000000000      0x584
 *(.vectors)
 .vectors       0x0000000000000000       0x68 /usr/lib/gcc/avr/7.3.0/../../../avr/lib/avr5/crtatmega328.o
                0x0000000000000000                __vectors
                0x0000000000000000                __vector_default
 *(.vectors)
 *(.progmem.gcc*)
                0x0000000000000068                . = ALIGN (0x2)
                0x0000000000000068                __trampolines_start = .
 *(.trampolines)
 .trampolines   0x0000000000000068        0x0 linker stubs
 *(.trampolines*)
                0x0000000000000068                __trampolines_end = .
 *libprintf_flt.a:*(.progmem.data)
 *libc.a:*(.progmem.data)
 *(.progmem*)
 .progmem.data  0x0000000000000068       0x47 main.o
                0x00000000000000b0                . = ALIGN (0x2)
 *fill*         0x00000000000000af        0x1 
 *(.jumptables)
 *(.jumptables*)
 *(.lowtext)
 *(.lowtext*)
                0x00000000000000b0                __ctors_start = .
 *(.ctors)
                0x00000000000000b0                __ctors_end = .
                0x00000000000000b0                __dtors_start = .
 *(.dtors)
                0x00000000000000b0                __dtors_end = .
 SORT(*)(.ctors)
 SORT(*)(.dtors)
 *(.init0)
 .init0         0x00000000000000b0        0x0 /usr/lib/gcc/avr/7.3.0/../../../avr/lib/avr5/crtatmega328.o
                0x00000000000000b0                __init
 *(.init0)
 *(.init1)
 *(.init1)
 *(.init2)
 .init2         0x00000000000000b0        0xc /usr/lib/gcc/avr/7.3.0/../../../avr/lib/avr5/crtatmega328.o
 *(.init2)
 *(.init3)
 *(.init3)
 *(.init4)
 .init4         0x00000000000000bc       0x16 /usr/lib/gcc/avr/7.3.0/avr5/libgcc.a(_copy_data.o)
                0x00000000000000bc                __do_copy_data
 .init4         0x00000000000000d2       0x10 /usr/lib/gcc/avr/7.3.0/avr5/libgcc.a(_clear_bss.o)
                0x00000000000000d2                __do_clear_bss
 *(.init4)
 *(.init5)
 *(.init5)
 *(.init6)
 *(.init6)
 *(.init7)
 *(.init7)
 *(.init8)
 *(.init8)
 *(.init9)
 .init9         0x00000000000000e2        0x8 /usr/lib/gcc/avr/7.3.0/../../../avr/lib/avr5/crtatmega328.o
 *(.init9)
 *(.text)
 .text          0x00000000000000ea        0x4 /usr/lib/gcc/avr/7.3.0/../../../avr/lib/avr5/crtatmega328.o
                0x00000000000000ea                __vector_22
                0x00000000000000ea                __vector_1
                0x00000000000000ea                __vector_24
                0x00000000000000ea                __vector_12
                0x00000000000000ea                __bad_interrupt
                0x00000000000000ea                __vector_6
                0x00000000000000ea                __vector_3
                0x00000000000000ea                __vector_23
                0x00000000000000ea                __vector_25
                0x00000000000000ea                __vector_11
                0x00000000000000ea                __vector_13
                0x00000000000000ea                __vector_17
                0x00000000000000ea                __vector_19
                0x00000000000000ea                __vector_7
                0x00000000000000ea                __vector_5
                0x00000000000000ea                __vector_4
                0x00000000000000ea                __vector_9
                0x00000000000000ea                __vector_2
                0x00000000000000ea                __vector_21
                0x00000000000000ea                __vector_15
                0x00000000000000ea                __vector_8
                0x00000000000000ea                __vector_14
                0x00000000000000ea                __vector_10
                0x00000000000000ea                __vector_16
                0x00000000000000ea                __vector_18
                0x00000000000000ea                __vector_20
 .text          0x00000000000000ee        0x8 main.o
                0x00000000000000ee                error
 .text          0x00000000000000f6       0xbe uart.o
                0x00000000000000f6                USART0Init
                0x0000000000000116                USART0SendByte
                0x0000000000000138                USART0CharacterAvailable
                0x0000000000000142                USART0ReceiveByte
                0x0000000000000158                USART0GetString
 .text          0x00000000000001b4      0x120 parse.o
                0x00000000000001b4                htoi
                0x0000000000000214                my_atoi
                0x0000000000000252                parse
 .text          0x00000000000002d4       0x3e timer.o
                0x00000000000002d4                init_timers
 .text          0x0000000000000312        0x0 /usr/lib/gcc/avr/7.3.0/avr5/libgcc.a(_exit.o)
 .text          0x0000000000000312        0x0 /usr/lib/gcc/avr/7.3.0/avr5/libgcc.a(_copy_data.o)
 .text          0x0000000000000312        0x0 /usr/lib/gcc/avr/7.3.0/avr5/libgcc.a(_clear_bss.o)
 .text          0x0000000000000312        0x0 /usr/lib/gcc/avr/7.3.0/../../../avr/lib/avr5/libc.a(atoi.o)
 .text          0x0000000000000312        0x0 /usr/lib/gcc/avr/7.3.0/../../../avr/lib/avr5/libc.a(isxdigit.o)
 .text          0x0000000000000312        0x0 /usr/lib/gcc/avr/7.3.0/../../../avr/lib/avr5/libc.a(toupper.o)
 .text          0x0000000000000312        0x0 /usr/lib/gcc/avr/7.3.0/../../../avr/lib/avr5/libc.a(strtok.o)
 .text          0x0000000000000312        0x0 /usr/lib/gcc/avr/7.3.0/../../../avr/lib/avr5/libc.a(strncasecmp.o)
 .text          0x0000000000000312        0x0 /usr/lib/gcc/avr/7.3.0/../../../avr/lib/avr5/libc.a(strtok_r.o)
 .text          0x0000000000000312        0x0 /usr/lib/gcc/avr/7.3.0/../../../avr/lib/avr5/libc.a(mul10.o)
 .text          0x0000000000000312        0x0 /usr/lib/gcc/avr/7.3.0/../../../avr/lib/avr5/libc.a(fputc.o)
 .text          0x0000000000000312        0x0 /usr/lib/gcc/avr/7.3.0/../../../avr/lib/avr5/libc.a(iob.o)
 .text          0x0000000000000312        0x0 /usr/lib/gcc/avr/7.3.0/../../../avr/lib/avr5/libc.a(puts_p.o)
 .text          0x0000000000000312        0x0 /usr/lib/gcc/avr/7.3.0/../../../avr/lib/avr5/libc.a(cty_isfalse.o)
                0x0000000000000312                . = ALIGN (0x2)
 *(.text.*)
 .text.startup  0x0000000000000312       0xb0 main.o
                0x0000000000000312                main
 .text.libgcc.mul
                0x00000000000003c2        0x0 /usr/lib/gcc/avr/7.3.0/avr5/libgcc.a(_exit.o)
 .text.libgcc.div
                0x00000000000003c2        0x0 /usr/lib/gcc/avr/7.3.0/avr5/libgcc.a(_exit.o)
 .text.libgcc   0x00000000000003c2        0x0 /usr/lib/gcc/avr/7.3.0/avr5/libgcc.a(_exit.o)
 .text.libgcc.prologue
                0x00000000000003c2        0x0 /usr/lib/gcc/avr/7.3.0/avr5/libgcc.a(_exit.o)
 .text.libgcc.builtins
                0x00000000000003c2        0x0 /usr/lib/gcc/avr/7.3.0/avr5/libgcc.a(_exit.o)
 .text.libgcc.fmul
                0x00000000000003c2        0x0 /usr/lib/gcc/avr/7.3.0/avr5/libgcc.a(_exit.o)
 .text.libgcc.fixed
                0x00000000000003c2        0x0 /usr/lib/gcc/avr/7.3.0/avr5/libgcc.a(_exit.o)
 .text.libgcc.mul
                0x00000000000003c2        0x0 /usr/lib/gcc/avr/7.3.0/avr5/libgcc.a(_copy_data.o)
 .text.libgcc.div
                0x00000000000003c2        0x0 /usr/lib/gcc/avr/7.3.0/avr5/libgcc.a(_copy_data.o)
 .text.libgcc   0x00000000000003c2        0x0 /usr/lib/gcc/avr/7.3.0/avr5/libgcc.a(_copy_data.o)
 .text.libgcc.prologue
                0x00000000000003c2        0x0 /usr/lib/gcc/avr/7.3.0/avr5/libgcc.a(_copy_data.o)
 .text.libgcc.builtins
                0x00000000000003c2        0x0 /usr/lib/gcc/avr/7.3.0/avr5/libgcc.a(_copy_data.o)
 .text.libgcc.fmul
                0x00000000000003c2        0x0 /usr/lib/gcc/avr/7.3.0/avr5/libgcc.a(_copy_data.o)
 .text.libgcc.fixed
                0x00000000000003c2        0x0 /usr/lib/gcc/avr/7.3.0/avr5/libgcc.a(_copy_data.o)
 .text.libgcc.mul
                0x00000000000003c2        0x0 /usr/lib/gcc/avr/7.3.0/avr5/libgcc.a(_clear_bss.o)
 .text.libgcc.div
                0x00000000000003c2        0x0 /usr/lib/gcc/avr/7.3.0/avr5/libgcc.a(_clear_bss.o)
 .text.libgcc   0x00000000000003c2        0x0 /usr/lib/gcc/avr/7.3.0/avr5/libgcc.a(_clear_bss.o)
 .text.libgcc.prologue
                0x00000000000003c2        0x0 /usr/lib/gcc/avr/7.3.0/avr5/libgcc.a(_clear_bss.o)
 .text.libgcc.builtins
                0x00000000000003c2        0x0 /usr/lib/gcc/avr/7.3.0/avr5/libgcc.a(_clear_bss.o)
 .text.libgcc.fmul
                0x00000000000003c2        0x0 /usr/lib/gcc/avr/7.3.0/avr5/libgcc.a(_clear_bss.o)
 .text.libgcc.fixed
                0x00000000000003c2        0x0 /usr/lib/gcc/avr/7.3.0/avr5/libgcc.a(_clear_bss.o)
 .text.avr-libc
                0x00000000000003c2       0x3c /usr/lib/gcc/avr/7.3.0/../../../avr/lib/avr5/libc.a(atoi.o)
                0x00000000000003c2                atoi
 .text.avr-libc
                0x00000000000003fe       0x18 /usr/lib/gcc/avr/7.3.0/../../../avr/lib/avr5/libc.a(isxdigit.o)
                0x00000000000003fe                isxdigit
 .text.avr-libc
                0x0000000000000416       0x10 /usr/lib/gcc/avr/7.3.0/../../../avr/lib/avr5/libc.a(toupper.o)
                0x0000000000000416                toupper
 .text.avr-libc
                0x0000000000000426        0xa /usr/lib/gcc/avr/7.3.0/../../../avr/lib/avr5/libc.a(strtok.o)
                0x0000000000000426                strtok
 .text.avr-libc
                0x0000000000000430       0x30 /usr/lib/gcc/avr/7.3.0/../../../avr/lib/avr5/libc.a(strncasecmp.o)
                0x0000000000000430                strncasecmp
 .text.avr-libc
                0x0000000000000460       0x4e /usr/lib/gcc/avr/7.3.0/../../../avr/lib/avr5/libc.a(strtok_r.o)
                0x0000000000000460                strtok_r
 .text.avr-libc
                0x00000000000004ae       0x10 /usr/lib/gcc/avr/7.3.0/../../../avr/lib/avr5/libc.a(mul10.o)
                0x00000000000004ae                __mulhi_const_10
 .text.avr-libc
                0x00000000000004be       0x60 /usr/lib/gcc/avr/7.3.0/../../../avr/lib/avr5/libc.a(fputc.o)
                0x00000000000004be                fputc
 .text.avr-libc
                0x000000000000051e       0x5c /usr/lib/gcc/avr/7.3.0/../../../avr/lib/avr5/libc.a(puts_p.o)
                0x000000000000051e                puts_P
 .text.avr-libc
                0x000000000000057a        0x6 /usr/lib/gcc/avr/7.3.0/../../../avr/lib/avr5/libc.a(cty_isfalse.o)
                0x000000000000057a                __ctype_isfalse
                0x000000000000057e                __ctype_istrue
                0x0000000000000580                . = ALIGN (0x2)
 *(.fini9)
 .fini9         0x0000000000000580        0x0 /usr/lib/gcc/avr/7.3.0/avr5/libgcc.a(_exit.o)
                0x0000000000000580                exit
                0x0000000000000580                _exit
 *(.fini9)
 *(.fini8)
 *(.fini8)
 *(.fini7)
 *(.fini7)
 *(.fini6)
 *(.fini6)
 *(.fini5)
 *(.fini5)
 *(.fini4)
 *(.fini4)
 *(.fini3)
 *(.fini3)
 *(.fini2)
 *(.fini2)
 *(.fini1)
 *(.fini1)
 *(.fini0)
 .fini0         0x0000000000000580        0x4 /usr/lib/gcc/avr/7.3.0/avr5/libgcc.a(_exit.o)
 *(.fini0)
                0x0000000000000584                _etext = .

.data           0x0000000000800100       0x14 load address 0x0000000000000584
                0x0000000000800100                PROVIDE (__data_start, .)
 *(.data)
 .data          0x0000000000800100        0x0 /usr/lib/gcc/avr/7.3.0/../../../avr/lib/avr5/crtatmega328.o
 .data          0x0000000000800100        0xe main.o
                0x0000000000800100                usart0_str
 .data          0x000000000080010e        0x0 uart.o
 .data          0x000000000080010e        0x0 parse.o
 .data          0x000000000080010e        0x0 timer.o
 .data          0x000000000080010e        0x0 /usr/lib/gcc/avr/7.3.0/avr5/libgcc.a(_exit.o)
 .data          0x000000000080010e        0x0 /usr/lib/gcc/avr/7.3.0/avr5/libgcc.a(_copy_data.o)
 .data          0x000000000080010e        0x0 /usr/lib/gcc/avr/7.3.0/avr5/libgcc.a(_clear_bss.o)
 .data          0x000000000080010e        0x0 /usr/lib/gcc/avr/7.3.0/../../../avr/lib/avr5/libc.a(atoi.o)
 .data          0x000000000080010e        0x0 /usr/lib/gcc/avr/7.3.0/../../../avr/lib/avr5/libc.a(isxdigit.o)
 .data          0x000000000080010e        0x0 /usr/lib/gcc/avr/7.3.0/../../../avr/lib/avr5/libc.a(toupper.o)
 .data          0x000000000080010e        0x0 /usr/lib/gcc/avr/7.3.0/../../../avr/lib/avr5/libc.a(strtok.o)
 .data          0x000000000080010e        0x0 /usr/lib/gcc/avr/7.3.0/../../../avr/lib/avr5/libc.a(strncasecmp.o)
 .data          0x000000000080010e        0x0 /usr/lib/gcc/avr/7.3.0/../../../avr/lib/avr5/libc.a(strtok_r.o)
 .data          0x000000000080010e        0x0 /usr/lib/gcc/avr/7.3.0/../../../avr/lib/avr5/libc.a(mul10.o)
 .data          0x000000000080010e        0x0 /usr/lib/gcc/avr/7.3.0/../../../avr/lib/avr5/libc.a(fputc.o)
 .data          0x000000000080010e        0x0 /usr/lib/gcc/avr/7.3.0/../../../avr/lib/avr5/libc.a(iob.o)
 .data          0x000000000080010e        0x0 /usr/lib/gcc/avr/7.3.0/../../../avr/lib/avr5/libc.a(puts_p.o)
 .data          0x000000000080010e        0x0 /usr/lib/gcc/avr/7.3.0/../../../avr/lib/avr5/libc.a(cty_isfalse.o)
 *(.data*)
 *(.gnu.linkonce.d*)
 *(.rodata)
 *(.rodata*)
 .rodata.str1.1
                0x000000000080010e        0x5 parse.o
 *(.gnu.linkonce.r*)
                0x0000000000800114                . = ALIGN (0x2)
 *fill*         0x0000000000800113        0x1 
                0x0000000000800114                _edata = .
                0x0000000000800114                PROVIDE (__data_end, .)

.bss            0x0000000000800114       0x77
                0x0000000000800114                PROVIDE (__bss_start, .)
 *(.bss)
 .bss           0x0000000000800114        0x0 /usr/lib/gcc/avr/7.3.0/../../../avr/lib/avr5/crtatmega328.o
 .bss           0x0000000000800114       0x68 main.o
 .bss           0x000000000080017c        0x0 uart.o
 .bss           0x000000000080017c        0x0 parse.o
 .bss           0x000000000080017c        0x0 timer.o
 .bss           0x000000000080017c        0x0 /usr/lib/gcc/avr/7.3.0/avr5/libgcc.a(_exit.o)
 .bss           0x000000000080017c        0x0 /usr/lib/gcc/avr/7.3.0/avr5/libgcc.a(_copy_data.o)
 .bss           0x000000000080017c        0x0 /usr/lib/gcc/avr/7.3.0/avr5/libgcc.a(_clear_bss.o)
 .bss           0x000000000080017c        0x0 /usr/lib/gcc/avr/7.3.0/../../../avr/lib/avr5/libc.a(atoi.o)
 .bss           0x000000000080017c        0x0 /usr/lib/gcc/avr/7.3.0/../../../avr/lib/avr5/libc.a(isxdigit.o)
 .bss           0x000000000080017c        0x0 /usr/lib/gcc/avr/7.3.0/../../../avr/lib/avr5/libc.a(toupper.o)
 .bss           0x000000000080017c        0x2 /usr/lib/gcc/avr/7.3.0/../../../avr/lib/avr5/libc.a(strtok.o)
 .bss           0x000000000080017e        0x0 /usr/lib/gcc/avr/7.3.0/../../../avr/lib/avr5/libc.a(strncasecmp.o)
 .bss           0x000000000080017e        0x0 /usr/lib/gcc/avr/7.3.0/../../../avr/lib/avr5/libc.a(strtok_r.o)
 .bss           0x000000000080017e        0x0 /usr/lib/gcc/avr/7.3.0/../../../avr/lib/avr5/libc.a(mul10.o)
 .bss           0x000000000080017e        0x0 /usr/lib/gcc/avr/7.3.0/../../../avr/lib/avr5/libc.a(fputc.o)
 .bss           0x000000000080017e        0x0 /usr/lib/gcc/avr/7.3.0/../../../avr/lib/avr5/libc.a(iob.o)
 .bss           0x000000000080017e        0x0 /usr/lib/gcc/avr/7.3.0/../../../avr/lib/avr5/libc.a(puts_p.o)
 .bss           0x000000000080017e        0x0 /usr/lib/gcc/avr/7.3.0/../../../avr/lib/avr5/libc.a(cty_isfalse.o)
 *(.bss*)
 *(COMMON)
 COMMON         0x000000000080017e        0x7 main.o
                0x000000000080017e                iv
                0x0000000000800182                adc
                0x0000000000800184                v
 COMMON         0x0000000000800185        0x6 /usr/lib/gcc/avr/7.3.0/../../../avr/lib/avr5/libc.a(iob.o)
                0x0000000000800185                __iob
                0x000000000080018b                PROVIDE (__bss_end, .)
                0x0000000000000584                __data_load_start = LOADADDR (.data)
                0x0000000000000598                __data_load_end = (__data_load_start + SIZEOF (.data))

.noinit         0x000000000080018b        0x0
                [!provide]                        PROVIDE (__noinit_start, .)
 *(.noinit*)
                [!provide]                        PROVIDE (__noinit_end, .)
                0x000000000080018b                _end = .
                [!provide]                        PROVIDE (__heap_start, .)

.eeprom         0x0000000000810000        0x0
 *(.eeprom*)
                0x0000000000810000                __eeprom_end = .

.fuse
 *(.fuse)
 *(.lfuse)
 *(.hfuse)
 *(.efuse)

.lock
 *(.lock*)

.signature
 *(.signature*)

.user_signatures
 *(.user_signatures*)

.stab           0x0000000000000000     0x165c
 *(.stab)
 .stab          0x0000000000000000      0x72c main.o
 .stab          0x000000000000072c      0x60c uart.o
                                        0x834 (size before relaxing)
 .stab          0x0000000000000d38      0x564 parse.o
                                        0x570 (size before relaxing)
 .stab          0x000000000000129c      0x3c0 timer.o
                                        0x57c (size before relaxing)

.stabstr        0x0000000000000000     0x11ef
 *(.stabstr)
 .stabstr       0x0000000000000000     0x11ef main.o

.stab.excl
 *(.stab.excl)

.stab.exclstr
 *(.stab.exclstr)

.stab.index
 *(.stab.index)

.stab.indexstr
 *(.stab.indexstr)

.comment        0x0000000000000000       0x11
 *(.comment)
 .comment       0x0000000000000000       0x11 main.o
                                         0x12 (size before relaxing)
 .comment       0x0000000000000011       0x12 uart.o
 .comment       0x0000000000000011       0x12 parse.o
 .comment       0x0000000000000011       0x12 timer.o
 .comment       0x0000000000000011       0x12 /usr/lib/gcc/avr/7.3.0/../../../avr/lib/avr5/libc.a(strtok.o)
 .comment       0x0000000000000011       0x12 /usr/lib/gcc/avr/7.3.0/../../../avr/lib/avr5/libc.a(fputc.o)
 .comment       0x0000000000000011       0x12 /usr/lib/gcc/avr/7.3.0/../../../avr/lib/avr5/libc.a(iob.o)
 .comment       0x0000000000000011       0x12 /usr/lib/gcc/avr/7.3.0/../../../avr/lib/avr5/libc.a(puts_p.o)

.note.gnu.avr.deviceinfo
                0x0000000000000000       0x3c
 .note.gnu.avr.deviceinfo
                0x0000000000000000       0x3c /usr/lib/gcc/avr/7.3.0/../../../avr/lib/avr5/crtatmega328.o

.note.gnu.build-id
 *(.note.gnu.build-id)

.debug
 *(.debug)

.line
 *(.line)

.debug_srcinfo
 *(.debug_srcinfo)

.debug_sfnames
 *(.debug_sfnames)

.debug_aranges
 *(.debug_aranges)

.debug_pubnames
 *(.debug_pubnames)

.debug_info     0x0000000000000000      0x5f4
 *(.debug_info .gnu.linkonce.wi.*)
 .debug_info    0x0000000000000000      0x5f4 /usr/lib/gcc/avr/7.3.0/../../../avr/lib/avr5/crtatmega328.o

.debug_abbrev   0x0000000000000000      0x5a2
 *(.debug_abbrev)
 .debug_abbrev  0x0000000000000000      0x5a2 /usr/lib/gcc/avr/7.3.0/../../../avr/lib/avr5/crtatmega328.o

.debug_line     0x0000000000000000       0x1a
 *(.debug_line .debug_line.* .debug_line_end)
 .debug_line    0x0000000000000000       0x1a /usr/lib/gcc/avr/7.3.0/../../../avr/lib/avr5/crtatmega328.o

.debug_frame
 *(.debug_frame)

.debug_str      0x0000000000000000      0x208
 *(.debug_str)
 .debug_str     0x0000000000000000      0x208 /usr/lib/gcc/avr/7.3.0/../../../avr/lib/avr5/crtatmega328.o

.debug_loc
 *(.debug_loc)

.debug_macinfo
 *(.debug_macinfo)

.debug_weaknames
 *(.debug_weaknames)

.debug_funcnames
 *(.debug_funcnames)

.debug_typenames
 *(.debug_typenames)

.debug_varnames
 *(.debug_varnames)

.debug_pubtypes
 *(.debug_pubtypes)

.debug_ranges
 *(.debug_ranges)

.debug_macro
 *(.debug_macro)
OUTPUT(main.elf elf32-avr)
LOAD linker stubs

Cross Reference Table

Symbol                                            File
USART0CharacterAvailable                          uart.o
USART0GetString                                   uart.o
                                                  main.o
USART0Init                                        uart.o
                                                  main.o
USART0ReceiveByte                                 uart.o
                                                  main.o
USART0SendByte                                    uart.o
                                                  main.o
__DATA_REGION_LENGTH__                            /usr/lib/gcc/avr/7.3.0/../../../avr/lib/avr5/crtatmega328.o
__DATA_REGION_ORIGIN__                            /usr/lib/gcc/avr/7.3.0/../../../avr/lib/avr5/crtatmega328.o
__EEPROM_REGION_LENGTH__                          /usr/lib/gcc/avr/7.3.0/../../../avr/lib/avr5/crtatmega328.o
__FUSE_REGION_LENGTH__                            /usr/lib/gcc/avr/7.3.0/../../../avr/lib/avr5/crtatmega328.o
__TEXT_REGION_LENGTH__                            /usr/lib/gcc/avr/7.3.0/../../../avr/lib/avr5/crtatmega328.o
__bad_interrupt                                   /usr/lib/gcc/avr/7.3.0/../../../avr/lib/avr5/crtatmega328.o
__bss_end                                         /usr/lib/gcc/avr/7.3.0/avr5/libgcc.a(_clear_bss.o)
__bss_start                                       /usr/lib/gcc/avr/7.3.0/avr5/libgcc.a(_clear_bss.o)
__ctype_isfalse                                   /usr/lib/gcc/avr/7.3.0/../../../avr/lib/avr5/libc.a(cty_isfalse.o)
                                                  /usr/lib/gcc/avr/7.3.0/../../../avr/lib/avr5/libc.a(isxdigit.o)
__ctype_istrue                                    /usr/lib/gcc/avr/7.3.0/../../../avr/lib/avr5/libc.a(cty_isfalse.o)
__data_end                                        /usr/lib/gcc/avr/7.3.0/avr5/libgcc.a(_copy_data.o)
__data_load_start                                 /usr/lib/gcc/avr/7.3.0/avr5/libgcc.a(_copy_data.o)
__data_start                                      /usr/lib/gcc/avr/7.3.0/avr5/libgcc.a(_copy_data.o)
__do_clear_bss                                    /usr/lib/gcc/avr/7.3.0/avr5/libgcc.a(_clear_bss.o)
                                                  /usr/lib/gcc/avr/7.3.0/../../../avr/lib/avr5/libc.a(iob.o)
                                                  /usr/lib/gcc/avr/7.3.0/../../../avr/lib/avr5/libc.a(strtok.o)
                                                  main.o
__do_copy_data                                    /usr/lib/gcc/avr/7.3.0/avr5/libgcc.a(_copy_data.o)
                                                  parse.o
                                                  main.o
__heap_end                                        /usr/lib/gcc/avr/7.3.0/../../../avr/lib/avr5/crtatmega328.o
__init                                            /usr/lib/gcc/avr/7.3.0/../../../avr/lib/avr5/crtatmega328.o
__iob                                             /usr/lib/gcc/avr/7.3.0/../../../avr/lib/avr5/libc.a(iob.o)
                                                  /usr/lib/gcc/avr/7.3.0/../../../avr/lib/avr5/libc.a(puts_p.o)
                                                  uart.o
                                                  main.o
__mulhi_const_10                                  /usr/lib/gcc/avr/7.3.0/../../../avr/lib/avr5/libc.a(mul10.o)
                                                  /usr/lib/gcc/avr/7.3.0/../../../avr/lib/avr5/libc.a(atoi.o)
__stack                                           /usr/lib/gcc/avr/7.3.0/../../../avr/lib/avr5/crtatmega328.o
__vector_1                                        /usr/lib/gcc/avr/7.3.0/../../../avr/lib/avr5/crtatmega328.o
__vector_10                                       /usr/lib/gcc/avr/7.3.0/../../../avr/lib/avr5/crtatmega328.o
__vector_11                                       /usr/lib/gcc/avr/7.3.0/../../../avr/lib/avr5/crtatmega328.o
__vector_12                                       /usr/lib/gcc/avr/7.3.0/../../../avr/lib/avr5/crtatmega328.o
__vector_13                                       /usr/lib/gcc/avr/7.3.0/../../../avr/lib/avr5/crtatmega328.o
__vector_14                                       /usr/lib/gcc/avr/7.3.0/../../../avr/lib/avr5/crtatmega328.o
__vector_15                                       /usr/lib/gcc/avr/7.3.0/../../../avr/lib/avr5/crtatmega328.o
__vector_16                                       /usr/lib/gcc/avr/7.3.0/../../../avr/lib/avr5/crtatmega328.o
__vector_17                                       /usr/lib/gcc/avr/7.3.0/../../../avr/lib/avr5/crtatmega328.o
__vector_18                                       /usr/lib/gcc/avr/7.3.0/../../../avr/lib/avr5/crtatmega328.o
__vector_19                                       /usr/lib/gcc/avr/7.3.0/../../../avr/lib/avr5/crtatmega328.o
__vector_2                                        /usr/lib/gcc/avr/7.3.0/../../../avr/lib/avr5/crtatmega328.o
__vector_20                                       /usr/lib/gcc/avr/7.3.0/../../../avr/lib/avr5/crtatmega328.o
__vector_21                                       /usr/lib/gcc/avr/7.3.0/../../../avr/lib/avr5/crtatmega328.o
__vector_22                                       /usr/lib/gcc/avr/7.3.0/../../../avr/lib/avr5/crtatmega328.o
__vector_23                                       /usr/lib/gcc/avr/7.3.0/../../../avr/lib/avr5/crtatmega328.o
__vector_24                                       /usr/lib/gcc/avr/7.3.0/../../../avr/lib/avr5/crtatmega328.o
__vector_25                                       /usr/lib/gcc/avr/7.3.0/../../../avr/lib/avr5/crtatmega328.o
__vector_3                                        /usr/lib/gcc/avr/7.3.0/../../../avr/lib/avr5/crtatmega328.o
__vector_4                                        /usr/lib/gcc/avr/7.3.0/../../../avr/lib/avr5/crtatmega328.o
__vector_5                                        /usr/lib/gcc/avr/7.3.0/../../../avr/lib/avr5/crtatmega328.o
__vector_6                                        /usr/lib/gcc/avr/7.3.0/../../../avr/lib/avr5/crtatmega328.o
__vector_7                                        /usr/lib/gcc/avr/7.3.0/../../../avr/lib/avr5/crtatmega328.o
__vector_8                                        /usr/lib/gcc/avr/7.3.0/../../../avr/lib/avr5/crtatmega328.o
__vector_9                                        /usr/lib/gcc/avr/7.3.0/../../../avr/lib/avr5/crtatmega328.o
__vector_default                                  /usr/lib/gcc/avr/7.3.0/../../../avr/lib/avr5/crtatmega328.o
__vectors                                         /usr/lib/gcc/avr/7.3.0/../../../avr/lib/avr5/crtatmega328.o
_exit                                             /usr/lib/gcc/avr/7.3.0/avr5/libgcc.a(_exit.o)
adc                                               main.o
atoi                                              /usr/lib/gcc/avr/7.3.0/../../../avr/lib/avr5/libc.a(atoi.o)
                                                  parse.o
error                                             main.o
exit                                              /usr/lib/gcc/avr/7.3.0/avr5/libgcc.a(_exit.o)
                                                  /usr/lib/gcc/avr/7.3.0/../../../avr/lib/avr5/crtatmega328.o
fputc                                             /usr/lib/gcc/avr/7.3.0/../../../avr/lib/avr5/libc.a(fputc.o)
                                                  uart.o
                                                  main.o
htoi                                              parse.o
init_timers                                       timer.o
                                                  main.o
isxdigit                                          /usr/lib/gcc/avr/7.3.0/../../../avr/lib/avr5/libc.a(isxdigit.o)
                                                  parse.o
iv                                                main.o
main                                              main.o
                                                  /usr/lib/gcc/avr/7.3.0/../../../avr/lib/avr5/crtatmega328.o
my_atoi                                           parse.o
parse                                             parse.o
                                                  main.o
puts_P                                            /usr/lib/gcc/avr/7.3.0/../../../avr/lib/avr5/libc.a(puts_p.o)
                                                  main.o
strncasecmp                                       /usr/lib/gcc/avr/7.3.0/../../../avr/lib/avr5/libc.a(strncasecmp.o)
                                                  parse.o
strtok                                            /usr/lib/gcc/avr/7.3.0/../../../avr/lib/avr5/libc.a(strtok.o)
                                                  parse.o
strtok_r                                          /usr/lib/gcc/avr/7.3.0/../../../avr/lib/avr5/libc.a(strtok_r.o)
                                                  /usr/lib/gcc/avr/7.3.0/../../../avr/lib/avr5/libc.a(strtok.o)
toupper                                           /usr/lib/gcc/avr/7.3.0/../../../avr/lib/avr5/libc.a(toupper.o)
                                                  parse.o
                                                  main.o
usart0_str                                        main.o
v                                                 main.o
